
> rest-express@1.0.0 build
> tsx script/build.ts

building client...
[36mvite v7.3.1 [32mbuilding client environment for production...[36m[39m
transforming...
[32mΓ£ô[39m 1747 modules transformed.
node.exe : 
[31mΓ£ù[39m Build 
failed in 8.70s
At C:\Program Files\no
dejs\npm.ps1:29 char:3
+   & $NODE_EXE 
$NPM_CLI_JS $args
+   ~~~~~~~~~~~~~~~~~~
~~~~~~~~~~~
    + CategoryInfo    
          : NotSpeci  
  fied: ([31mΓ£ù[   
 39m Build failed     
in 8.70s:String)     
[], RemoteExcepti    
on
    + FullyQualifiedE 
   rrorId : NativeCo  
  mmandError
 
[31m[vite:asset] 
Could not load C:\User
s\Administrator\Deskto
p\SkyFol\attached_asse
ts/logo_no.png 
(imported by client/sr
c/components/ui/Loadin
gScreen.tsx): ENOENT: 
no such file or 
directory, open 'C:\Us
ers\Administrator\Desk
top\SkyFol\attached_as
sets\logo_no.png'[39m
    at async open (nod
e:internal/fs/promises
:638:25)
    at async 
Object.readFile (node:
internal/fs/promises:1
238:14)
    at async 
fileToBuiltUrl (C:\Use
rs\Administrator\Deskt
op\SkyFol\node_modules
\vite\dist\node\chunks
\config.js:8777:18)
    at async 
Object.handler (C:\Use
rs\Administrator\Deskt
op\SkyFol\node_modules
\vite\dist\node\chunks
\config.js:8671:17)
    at async PluginDri
ver.hookFirstAndGetPlu
gin (C:\Users\Administ
rator\Desktop\SkyFol\n
ode_modules\rollup\dis
t\es\shared\node-entry
.js:22453:28)
    at async 
<anonymous> (C:\Users\
Administrator\Desktop\
SkyFol\node_modules\ro
llup\dist\es\shared\no
de-entry.js:21453:33)
    at async 
Queue.work (C:\Users\A
dministrator\Desktop\S
kyFol\node_modules\rol
lup\dist\es\shared\nod
e-entry.js:22681:32) {
  errno: -4058,
  code: 
'PLUGIN_ERROR',
  syscall: 'open',
  path: 'C:\\Users\\Ad
ministrator\\Desktop\\
SkyFol\\attached_asset
s\\logo_no.png',
  pluginCode: 
'ENOENT',
  plugin: 
'vite:asset',
  hook: 'load',
  watchFiles: [
    'C:/Users/Administ
rator/Desktop/SkyFol/c
lient/index.html',
    'C:/Users/Administ
rator/Desktop/SkyFol/c
lient/src/main.tsx',
    'C:\\Users\\Admini
strator\\Desktop\\SkyF
ol\\package.json',
    'C:/Users/Administ
rator/Desktop/SkyFol/n
ode_modules/react/jsx-
runtime.js',
    'C:/Users/Administ
rator/Desktop/SkyFol/n
ode_modules/react-dom/
client.js',
    'C:/Users/Administ
rator/Desktop/SkyFol/c
lient/src/App.tsx',
    'C:/Users/Administ
rator/Desktop/SkyFol/c
lient/src/index.css',
    'C:\\Users\\Admini
strator\\Desktop\\SkyF
ol\\node_modules\\tail
windcss\\index.css',
    'C:\\Users\\Admini
strator\\Desktop\\SkyF
ol\\node_modules\\tw-a
nimate-css\\dist\\tw-a
nimate.css',
    'C:\\Users\\Admini
strator\\Desktop\\SkyF
ol\\client\\index.html
',
    'C:\\Users\\Admini
strator\\Desktop\\SkyF
ol\\client\\src\\App.t
sx',
    'C:\\Users\\Admini
strator\\Desktop\\SkyF
ol\\client\\src\\compo
nents\\layout\\Footer.
tsx',
    'C:\\Users\\Admini
strator\\Desktop\\SkyF
ol\\client\\src\\compo
nents\\layout\\Navbar.
tsx',
    'C:\\Users\\Admini
strator\\Desktop\\SkyF
ol\\client\\src\\compo
nents\\sections\\About
.tsx',
    'C:\\Users\\Admini
strator\\Desktop\\SkyF
ol\\client\\src\\compo
nents\\sections\\Clien
ts.tsx',
    'C:\\Users\\Admini
strator\\Desktop\\SkyF
ol\\client\\src\\compo
nents\\sections\\Globa
lNetwork.tsx',
    'C:\\Users\\Admini
strator\\Desktop\\SkyF
ol\\client\\src\\compo
nents\\sections\\Hero.
tsx',
    'C:\\Users\\Admini
strator\\Desktop\\SkyF
ol\\client\\src\\compo
nents\\sections\\Servi
ces.tsx',
    'C:\\Users\\Admini
strator\\Desktop\\SkyF
ol\\client\\src\\compo
nents\\ui\\accordion.t
sx',
    'C:\\Users\\Admini
strator\\Desktop\\SkyF
ol\\client\\src\\compo
nents\\ui\\alert-dialo
g.tsx',
    'C:\\Users\\Admini
strator\\Desktop\\SkyF
ol\\client\\src\\compo
nents\\ui\\alert.tsx',
    'C:\\Users\\Admini
strator\\Desktop\\SkyF
ol\\client\\src\\compo
nents\\ui\\aspect-rati
o.tsx',
    'C:\\Users\\Admini
strator\\Desktop\\SkyF
ol\\client\\src\\compo
nents\\ui\\avatar.tsx'
,
    'C:\\Users\\Admini
strator\\Desktop\\SkyF
ol\\client\\src\\compo
nents\\ui\\badge.tsx',
    'C:\\Users\\Admini
strator\\Desktop\\SkyF
ol\\client\\src\\compo
nents\\ui\\breadcrumb.
tsx',
    'C:\\Users\\Admini
strator\\Desktop\\SkyF
ol\\client\\src\\compo
nents\\ui\\button-grou
p.tsx',
    'C:\\Users\\Admini
strator\\Desktop\\SkyF
ol\\client\\src\\compo
nents\\ui\\button.tsx'
,
    'C:\\Users\\Admini
strator\\Desktop\\SkyF
ol\\client\\src\\compo
nents\\ui\\calendar.ts
x',
    'C:\\Users\\Admini
strator\\Desktop\\SkyF
ol\\client\\src\\compo
nents\\ui\\card.tsx',
    'C:\\Users\\Admini
strator\\Desktop\\SkyF
ol\\client\\src\\compo
nents\\ui\\carousel.ts
x',
    'C:\\Users\\Admini
strator\\Desktop\\SkyF
ol\\client\\src\\compo
nents\\ui\\chart.tsx',
    'C:\\Users\\Admini
strator\\Desktop\\SkyF
ol\\client\\src\\compo
nents\\ui\\checkbox.ts
x',
    'C:\\Users\\Admini
strator\\Desktop\\SkyF
ol\\client\\src\\compo
nents\\ui\\collapsible
.tsx',
    'C:\\Users\\Admini
strator\\Desktop\\SkyF
ol\\client\\src\\compo
nents\\ui\\command.tsx
',
    'C:\\Users\\Admini
strator\\Desktop\\SkyF
ol\\client\\src\\compo
nents\\ui\\context-men
u.tsx',
    'C:\\Users\\Admini
strator\\Desktop\\SkyF
ol\\client\\src\\compo
nents\\ui\\dialog.tsx'
,
    'C:\\Users\\Admini
strator\\Desktop\\SkyF
ol\\client\\src\\compo
nents\\ui\\drawer.tsx'
,
    'C:\\Users\\Admini
strator\\Desktop\\SkyF
ol\\client\\src\\compo
nents\\ui\\dropdown-me
nu.tsx',
    'C:\\Users\\Admini
strator\\Desktop\\SkyF
ol\\client\\src\\compo
nents\\ui\\empty.tsx',
    'C:\\Users\\Admini
strator\\Desktop\\SkyF
ol\\client\\src\\compo
nents\\ui\\field.tsx',
    'C:\\Users\\Admini
strator\\Desktop\\SkyF
ol\\client\\src\\compo
nents\\ui\\FloatingAct
ions.tsx',
    'C:\\Users\\Admini
strator\\Desktop\\SkyF
ol\\client\\src\\compo
nents\\ui\\form.tsx',
    'C:\\Users\\Admini
strator\\Desktop\\SkyF
ol\\client\\src\\compo
nents\\ui\\hover-card.
tsx',
    'C:\\Users\\Admini
strator\\Desktop\\SkyF
ol\\client\\src\\compo
nents\\ui\\input-group
.tsx',
    'C:\\Users\\Admini
strator\\Desktop\\SkyF
ol\\client\\src\\compo
nents\\ui\\input-otp.t
sx',
    'C:\\Users\\Admini
strator\\Desktop\\SkyF
ol\\client\\src\\compo
nents\\ui\\input.tsx',
    'C:\\Users\\Admini
strator\\Desktop\\SkyF
ol\\client\\src\\compo
nents\\ui\\item.tsx',
    'C:\\Users\\Admini
strator\\Desktop\\SkyF
ol\\client\\src\\compo
nents\\ui\\kbd.tsx',
    'C:\\Users\\Admini
strator\\Desktop\\SkyF
ol\\client\\src\\compo
nents\\ui\\label.tsx',
    'C:\\Users\\Admini
strator\\Desktop\\SkyF
ol\\client\\src\\compo
nents\\ui\\LoadingScre
en.tsx',
    'C:\\Users\\Admini
strator\\Desktop\\SkyF
ol\\client\\src\\compo
nents\\ui\\menubar.tsx
',
    'C:\\Users\\Admini
strator\\Desktop\\SkyF
ol\\client\\src\\compo
nents\\ui\\navigation-
menu.tsx',
    'C:\\Users\\Admini
strator\\Desktop\\SkyF
ol\\client\\src\\compo
nents\\ui\\pagination.
tsx',
    'C:\\Users\\Admini
strator\\Desktop\\SkyF
ol\\client\\src\\compo
nents\\ui\\popover.tsx
',
    'C:\\Users\\Admini
strator\\Desktop\\SkyF
ol\\client\\src\\compo
nents\\ui\\progress.ts
x',
    'C:\\Users\\Admini
strator\\Desktop\\SkyF
ol\\client\\src\\compo
nents\\ui\\radio-group
.tsx',
    'C:\\Users\\Admini
strator\\Desktop\\SkyF
ol\\client\\src\\compo
nents\\ui\\resizable.t
sx',
    'C:\\Users\\Admini
strator\\Desktop\\SkyF
ol\\client\\src\\compo
nents\\ui\\scroll-area
.tsx',
    'C:\\Users\\Admini
strator\\Desktop\\SkyF
ol\\client\\src\\compo
nents\\ui\\select.tsx'
,
    'C:\\Users\\Admini
strator\\Desktop\\SkyF
ol\\client\\src\\compo
nents\\ui\\separator.t
sx',
    'C:\\Users\\Admini
strator\\Desktop\\SkyF
ol\\client\\src\\compo
nents\\ui\\sheet.tsx',
    'C:\\Users\\Admini
strator\\Desktop\\SkyF
ol\\client\\src\\compo
nents\\ui\\sidebar.tsx
',
    'C:\\Users\\Admini
strator\\Desktop\\SkyF
ol\\client\\src\\compo
nents\\ui\\skeleton.ts
x',
    'C:\\Users\\Admini
strator\\Desktop\\SkyF
ol\\client\\src\\compo
nents\\ui\\slider.tsx'
,
    'C:\\Users\\Admini
strator\\Desktop\\SkyF
ol\\client\\src\\compo
nents\\ui\\sonner.tsx'
,
    'C:\\Users\\Admini
strator\\Desktop\\SkyF
ol\\client\\src\\compo
nents\\ui\\spinner.tsx
',
    'C:\\Users\\Admini
strator\\Desktop\\SkyF
ol\\client\\src\\compo
nents\\ui\\switch.tsx'
,
    'C:\\Users\\Admini
strator\\Desktop\\SkyF
ol\\client\\src\\compo
nents\\ui\\table.tsx',
    'C:\\Users\\Admini
strator\\Desktop\\SkyF
ol\\client\\src\\compo
nents\\ui\\tabs.tsx',
    'C:\\Users\\Admini
strator\\Desktop\\SkyF
ol\\client\\src\\compo
nents\\ui\\textarea.ts
x',
    'C:\\Users\\Admini
strator\\Desktop\\SkyF
ol\\client\\src\\compo
nents\\ui\\toast.tsx',
    'C:\\Users\\Admini
strator\\Desktop\\SkyF
ol\\client\\src\\compo
nents\\ui\\toaster.tsx
',
    'C:\\Users\\Admini
strator\\Desktop\\SkyF
ol\\client\\src\\compo
nents\\ui\\toggle-grou
p.tsx',
    'C:\\Users\\Admini
strator\\Desktop\\SkyF
ol\\client\\src\\compo
nents\\ui\\toggle.tsx'
,
    'C:\\Users\\Admini
strator\\Desktop\\SkyF
ol\\client\\src\\compo
nents\\ui\\tooltip.tsx
',
    'C:\\Users\\Admini
strator\\Desktop\\SkyF
ol\\client\\src\\hooks
\\use-mobile.tsx',
    'C:\\Users\\Admini
strator\\Desktop\\SkyF
ol\\client\\src\\hooks
\\use-toast.ts',
    'C:\\Users\\Admini
strator\\Desktop\\SkyF
ol\\client\\src\\lib\\
queryClient.ts',
    'C:\\Users\\Admini
strator\\Desktop\\SkyF
ol\\client\\src\\lib\\
utils.ts',
    'C:\\Users\\Admini
strator\\Desktop\\SkyF
ol\\client\\src\\main.
tsx',
    'C:\\Users\\Admini
strator\\Desktop\\SkyF
ol\\client\\src\\pages
\\Home.tsx',
    'C:\\Users\\Admini
strator\\Desktop\\SkyF
ol\\client\\src\\pages
\\not-found.tsx',
    '*',
    'src/**/*.{aspx,as
tro,cjs,css,cts,eex,er
b,gjs,gts,haml,handleb
ars,hbs,heex,html,jade
,js,jsx,liquid,md,mdx,
mjs,mts,mustache,njk,n
unjucks,php,pug,py,raz
or,rb,rhtml,rs,slim,sv
elte,tpl,ts,tsx,twig,v
ue}',
    'C:/Users/Administ
rator/Desktop/SkyFol/n
ode_modules/react/cjs/
react-jsx-runtime.prod
uction.js',
    'C:/Users/Administ
rator/Desktop/SkyFol/n
ode_modules/wouter/src
/index.js',
    'C:/Users/Administ
rator/Desktop/SkyFol/n
ode_modules/@tanstack/
react-query/build/mode
rn/index.js',
    'C:/Users/Administ
rator/Desktop/SkyFol/c
lient/src/lib/queryCli
ent.ts',
    'C:/Users/Administ
rator/Desktop/SkyFol/c
lient/src/components/u
i/tooltip.tsx',
    'C:/Users/Administ
rator/Desktop/SkyFol/c
lient/src/components/u
i/toaster.tsx',
    'C:/Users/Administ
rator/Desktop/SkyFol/c
lient/src/pages/not-fo
und.tsx',
    'C:/Users/Administ
rator/Desktop/SkyFol/c
lient/src/pages/Home.t
sx',
    'C:/Users/Administ
rator/Desktop/SkyFol/n
ode_modules/react-dom/
cjs/react-dom-client.p
roduction.js',
    'C:/Users/Administ
rator/Desktop/SkyFol/n
ode_modules/scheduler/
index.js',
    'C:/Users/Administ
rator/Desktop/SkyFol/n
ode_modules/react/inde
x.js',
    'C:/Users/Administ
rator/Desktop/SkyFol/n
ode_modules/react-dom/
index.js',
    'C:/Users/Administ
rator/Desktop/SkyFol/n
ode_modules/wouter/src
/use-browser-location.
js',
    'C:/Users/Administ
rator/Desktop/SkyFol/n
ode_modules/wouter/src
/react-deps.js',
    'C:/Users/Administ
rator/Desktop/SkyFol/n
ode_modules/wouter/src
/paths.js',
    'C:/Users/Administ
rator/Desktop/SkyFol/n
ode_modules/regexparam
/dist/index.mjs',
    ... 1726 more 
items
  ]
}
